// Vitest Snapshot v1, https://vitest.dev/guide/snapshot.html

exports[`<MyCounter /> > Should match snapshot 1`] = `
"<section data-v-0352012b="" class="mb-3">
  <h3 data-v-0352012b="">Counter: 15</h3>
  <h3 data-v-0352012b="" data-testid="square-label">Square: 225</h3>
  <div data-v-0352012b=""><button data-v-0352012b="" class="btn">-1</button><button data-v-0352012b="" class="btn ml-2">+1</button></div>
</section>"
`;
